// Jest Snapshot v1, https://goo.gl/fbAQLP

exports[`RequireResetPasswordForm should render RequireResetPasswordForm 1`] = `
<form
  className="form-horizontal"
>
  <div
    className="form-group "
  >
    <div
      className="col-xs-12"
    >
      <h3>
        Recover Password
      </h3>
      <p
        className="text-muted"
      >
        Enter your Email and instructions will be sent to you!
      </p>
    </div>
  </div>
  <div
    className="form-group "
  >
    <div
      className="col-xs-12"
    >
      <input
        className="form-control"
        onChange={[Function]}
        placeholder="Email"
        required=""
        type="text"
        value=""
      />
    </div>
  </div>
  <div
    className="form-group text-center"
  />
  <div
    className="form-group text-center m-t-20"
  >
    <div
      className="col-xs-12"
    >
      <button
        className="btn btn-primary btn-lg btn-block text-uppercase waves-effect waves-light"
        onClick={[Function]}
        type="button"
      >
        Reset
      </button>
    </div>
  </div>
</form>
`;
